============================================================
  PDRDSS Project Diagnostic Report
============================================================

--- TEST 1: Live Feed (Real-Time Data) ---
  Status: 200
  Timestamp: 2026-03-13T17:08:25.359066+00:00
  Earthquakes found: 33
  Cyclones found: 0

  First 3 events:
    - M4.7 Earthquake
      Location: south of the Kermadec Islands
      Time: 2026-03-13T16:15:43.953000+00:00
      Source: USGS
    - M4.2 Earthquake
python : Traceback (most recent call last):
At line:1 char:1
+ python test_check.py 2>&1 | Out-File -FilePath 
test_output.txt -Encod ...
+ ~~~~~~~~~~~~~~~~~~~~~~~~~
    + CategoryInfo          : NotSpecified: (Traceback ( 
   most recent call last)::String) [], RemoteException
    + FullyQualifiedErrorId : NativeCommandError
 
  File "C:\Users\haran\PRDSSS\test_check.py", line 25, 
in <module>
    print(f"      Location: {e.get('location')}")
  File "C:\Users\haran\AppData\Local\Programs\Python\Pyth
on39\lib\encodings\cp1252.py", line 19, in encode
    return codecs.charmap_encode(input,self.errors,encodi
ng_table)[0]
UnicodeEncodeError: 'charmap' codec can't encode 
character '\u0101' in position 32: character maps to 
<undefined>

During handling of the above exception, another 
exception occurred:

Traceback (most recent call last):
  File "C:\Users\haran\PRDSSS\test_check.py", line 43, 
in <module>
    print(f"  \u274c Error: {e}")
  File "C:\Users\haran\AppData\Local\Programs\Python\Pyth
on39\lib\encodings\cp1252.py", line 19, in encode
    return codecs.charmap_encode(input,self.errors,encodi
ng_table)[0]
UnicodeEncodeError: 'charmap' codec can't encode 
character '\u274c' in position 2: character maps to 
<undefined>
